Archive member included to satisfy reference by file (symbol)

c:/progra~2/gnuarm~1/102021~1.10/bin/../lib/gcc/arm-none-eabi/10.3.1/thumb/v7e-m/nofp\libgcc.a(_arm_mulsf3.o)
                              CMakeFiles/25_Outpost.elf.dir/Core/Src/PID.c.obj (__aeabi_fmul)
c:/progra~2/gnuarm~1/102021~1.10/bin/../lib/gcc/arm-none-eabi/10.3.1/thumb/v7e-m/nofp\libgcc.a(_arm_addsubsf3.o)
                              CMakeFiles/25_Outpost.elf.dir/Core/Src/PID.c.obj (__aeabi_fsub)
c:/progra~2/gnuarm~1/102021~1.10/bin/../lib/gcc/arm-none-eabi/10.3.1/thumb/v7e-m/nofp\libgcc.a(_arm_muldivsf3.o)
                              CMakeFiles/25_Outpost.elf.dir/Core/Src/filter.c.obj (__aeabi_fdiv)
c:/progra~2/gnuarm~1/102021~1.10/bin/../lib/gcc/arm-none-eabi/10.3.1/thumb/v7e-m/nofp\libgcc.a(_arm_cmpsf2.o)
                              CMakeFiles/25_Outpost.elf.dir/Core/Src/PID.c.obj (__aeabi_fcmplt)
c:/progra~2/gnuarm~1/102021~1.10/bin/../lib/gcc/arm-none-eabi/10.3.1/thumb/v7e-m/nofp\libgcc.a(_arm_unordsf2.o)
                              CMakeFiles/25_Outpost.elf.dir/Core/Src/filter.c.obj (__aeabi_fcmpun)
c:/progra~2/gnuarm~1/102021~1.10/bin/../lib/gcc/arm-none-eabi/10.3.1/thumb/v7e-m/nofp\libgcc.a(_arm_fixsfsi.o)
                              CMakeFiles/25_Outpost.elf.dir/Core/Src/main.c.obj (__aeabi_f2iz)
c:/progra~2/gnuarm~1/102021~1.10/bin/../lib/gcc/arm-none-eabi/10.3.1/thumb/v7e-m/nofp\libgcc.a(_aeabi_uldivmod.o)
                              CMakeFiles/25_Outpost.elf.dir/Drivers/STM32F4xx_HAL_Driver/Src/stm32f4xx_hal_rcc.c.obj (__aeabi_uldivmod)
c:/progra~2/gnuarm~1/102021~1.10/bin/../lib/gcc/arm-none-eabi/10.3.1/thumb/v7e-m/nofp\libgcc.a(_udivmoddi4.o)
                              c:/progra~2/gnuarm~1/102021~1.10/bin/../lib/gcc/arm-none-eabi/10.3.1/thumb/v7e-m/nofp\libgcc.a(_aeabi_uldivmod.o) (__udivmoddi4)
c:/progra~2/gnuarm~1/102021~1.10/bin/../lib/gcc/arm-none-eabi/10.3.1/thumb/v7e-m/nofp\libgcc.a(_dvmd_tls.o)
                              c:/progra~2/gnuarm~1/102021~1.10/bin/../lib/gcc/arm-none-eabi/10.3.1/thumb/v7e-m/nofp\libgcc.a(_aeabi_uldivmod.o) (__aeabi_ldiv0)
c:/progra~2/gnuarm~1/102021~1.10/bin/../lib/gcc/arm-none-eabi/10.3.1/../../../../arm-none-eabi/lib/thumb/v7e-m/nofp\libg.a(lib_a-errno.o)
                              CMakeFiles/25_Outpost.elf.dir/Core/Src/syscalls.c.obj (__errno)
c:/progra~2/gnuarm~1/102021~1.10/bin/../lib/gcc/arm-none-eabi/10.3.1/../../../../arm-none-eabi/lib/thumb/v7e-m/nofp\libg.a(lib_a-exit.o)
                              c:/progra~2/gnuarm~1/102021~1.10/bin/../lib/gcc/arm-none-eabi/10.3.1/../../../../arm-none-eabi/lib/thumb/v7e-m/nofp/crt0.o (exit)
c:/progra~2/gnuarm~1/102021~1.10/bin/../lib/gcc/arm-none-eabi/10.3.1/../../../../arm-none-eabi/lib/thumb/v7e-m/nofp\libg.a(lib_a-impure.o)
                              c:/progra~2/gnuarm~1/102021~1.10/bin/../lib/gcc/arm-none-eabi/10.3.1/../../../../arm-none-eabi/lib/thumb/v7e-m/nofp\libg.a(lib_a-exit.o) (_global_impure_ptr)
c:/progra~2/gnuarm~1/102021~1.10/bin/../lib/gcc/arm-none-eabi/10.3.1/../../../../arm-none-eabi/lib/thumb/v7e-m/nofp\libg.a(lib_a-init.o)
                              c:/progra~2/gnuarm~1/102021~1.10/bin/../lib/gcc/arm-none-eabi/10.3.1/../../../../arm-none-eabi/lib/thumb/v7e-m/nofp/crt0.o (__libc_init_array)
c:/progra~2/gnuarm~1/102021~1.10/bin/../lib/gcc/arm-none-eabi/10.3.1/../../../../arm-none-eabi/lib/thumb/v7e-m/nofp\libg.a(lib_a-memset.o)
                              c:/progra~2/gnuarm~1/102021~1.10/bin/../lib/gcc/arm-none-eabi/10.3.1/../../../../arm-none-eabi/lib/thumb/v7e-m/nofp/crt0.o (memset)
c:/progra~2/gnuarm~1/102021~1.10/bin/../lib/gcc/arm-none-eabi/10.3.1/../../../../arm-none-eabi/lib/thumb/v7e-m/nofp\libg.a(lib_a-__call_atexit.o)
                              c:/progra~2/gnuarm~1/102021~1.10/bin/../lib/gcc/arm-none-eabi/10.3.1/../../../../arm-none-eabi/lib/thumb/v7e-m/nofp\libg.a(lib_a-exit.o) (__call_exitprocs)
c:/progra~2/gnuarm~1/102021~1.10/bin/../lib/gcc/arm-none-eabi/10.3.1/../../../../arm-none-eabi/lib/thumb/v7e-m/nofp\libg.a(lib_a-atexit.o)
                              c:/progra~2/gnuarm~1/102021~1.10/bin/../lib/gcc/arm-none-eabi/10.3.1/../../../../arm-none-eabi/lib/thumb/v7e-m/nofp\libg.a(lib_a-__call_atexit.o) (atexit)
c:/progra~2/gnuarm~1/102021~1.10/bin/../lib/gcc/arm-none-eabi/10.3.1/../../../../arm-none-eabi/lib/thumb/v7e-m/nofp\libg.a(lib_a-fini.o)
                              c:/progra~2/gnuarm~1/102021~1.10/bin/../lib/gcc/arm-none-eabi/10.3.1/../../../../arm-none-eabi/lib/thumb/v7e-m/nofp\libg.a(lib_a-__call_atexit.o) (__libc_fini_array)
c:/progra~2/gnuarm~1/102021~1.10/bin/../lib/gcc/arm-none-eabi/10.3.1/../../../../arm-none-eabi/lib/thumb/v7e-m/nofp\libg.a(lib_a-lock.o)
                              c:/progra~2/gnuarm~1/102021~1.10/bin/../lib/gcc/arm-none-eabi/10.3.1/../../../../arm-none-eabi/lib/thumb/v7e-m/nofp\libg.a(lib_a-__call_atexit.o) (__retarget_lock_acquire_recursive)
[...]
Memory Configuration

Name             Origin             Length             Attributes
CCMRAM           0x10000000         0x00010000         xrw
RAM              0x20000000         0x00020000         xrw
FLASH            0x08000000         0x00100000         xr
*default*        0x00000000         0xffffffff

Linker script and memory map

LOAD c:/progra~2/gnuarm~1/102021~1.10/bin/../lib/gcc/arm-none-eabi/10.3.1/thumb/v7e-m/nofp/crti.o
LOAD c:/progra~2/gnuarm~1/102021~1.10/bin/../lib/gcc/arm-none-eabi/10.3.1/thumb/v7e-m/nofp/crtbegin.o
LOAD c:/progra~2/gnuarm~1/102021~1.10/bin/../lib/gcc/arm-none-eabi/10.3.1/../../../../arm-none-eabi/lib/thumb/v7e-m/nofp/crt0.o
LOAD CMakeFiles/25_Outpost.elf.dir/Core/Src/CAN_receive.c.obj
LOAD CMakeFiles/25_Outpost.elf.dir/Core/Src/PID.c.obj
LOAD CMakeFiles/25_Outpost.elf.dir/Core/Src/bsp_can.c.obj
LOAD CMakeFiles/25_Outpost.elf.dir/Core/Src/can.c.obj
LOAD CMakeFiles/25_Outpost.elf.dir/Core/Src/filter.c.obj
LOAD CMakeFiles/25_Outpost.elf.dir/Core/Src/gpio.c.obj
LOAD CMakeFiles/25_Outpost.elf.dir/Core/Src/main.c.obj
LOAD CMakeFiles/25_Outpost.elf.dir/Core/Src/stm32f4xx_hal_msp.c.obj
LOAD CMakeFiles/25_Outpost.elf.dir/Core/Src/stm32f4xx_it.c.obj
LOAD CMakeFiles/25_Outpost.elf.dir/Core/Src/syscalls.c.obj
LOAD CMakeFiles/25_Outpost.elf.dir/Core/Src/sysmem.c.obj
LOAD CMakeFiles/25_Outpost.elf.dir/Core/Src/system_stm32f4xx.c.obj
LOAD CMakeFiles/25_Outpost.elf.dir/Core/Startup/startup_stm32f407ighx.s.obj
LOAD CMakeFiles/25_Outpost.elf.dir/Drivers/STM32F4xx_HAL_Driver/Src/stm32f4xx_hal.c.obj
LOAD CMakeFiles/25_Outpost.elf.dir/Drivers/STM32F4xx_HAL_Driver/Src/stm32f4xx_hal_can.c.obj
LOAD CMakeFiles/25_Outpost.elf.dir/Drivers/STM32F4xx_HAL_Driver/Src/stm32f4xx_hal_cortex.c.obj
LOAD CMakeFiles/25_Outpost.elf.dir/Drivers/STM32F4xx_HAL_Driver/Src/stm32f4xx_hal_dma.c.obj
LOAD CMakeFiles/25_Outpost.elf.dir/Drivers/STM32F4xx_HAL_Driver/Src/stm32f4xx_hal_dma_ex.c.obj
LOAD CMakeFiles/25_Outpost.elf.dir/Drivers/STM32F4xx_HAL_Driver/Src/stm32f4xx_hal_exti.c.obj
LOAD CMakeFiles/25_Outpost.elf.dir/Drivers/STM32F4xx_HAL_Driver/Src/stm32f4xx_hal_flash.c.obj
LOAD CMakeFiles/25_Outpost.elf.dir/Drivers/STM32F4xx_HAL_Driver/Src/stm32f4xx_hal_flash_ex.c.obj
LOAD CMakeFiles/25_Outpost.elf.dir/Drivers/STM32F4xx_HAL_Driver/Src/stm32f4xx_hal_flash_ramfunc.c.obj
LOAD CMakeFiles/25_Outpost.elf.dir/Drivers/STM32F4xx_HAL_Driver/Src/stm32f4xx_hal_gpio.c.obj
LOAD CMakeFiles/25_Outpost.elf.dir/Drivers/STM32F4xx_HAL_Driver/Src/stm32f4xx_hal_pwr.c.obj
LOAD CMakeFiles/25_Outpost.elf.dir/Drivers/STM32F4xx_HAL_Driver/Src/stm32f4xx_hal_pwr_ex.c.obj
LOAD CMakeFiles/25_Outpost.elf.dir/Drivers/STM32F4xx_HAL_Driver/Src/stm32f4xx_hal_rcc.c.obj
LOAD CMakeFiles/25_Outpost.elf.dir/Drivers/STM32F4xx_HAL_Driver/Src/stm32f4xx_hal_rcc_ex.c.obj
LOAD CMakeFiles/25_Outpost.elf.dir/Drivers/STM32F4xx_HAL_Driver/Src/stm32f4xx_hal_tim.c.obj
LOAD CMakeFiles/25_Outpost.elf.dir/Drivers/STM32F4xx_HAL_Driver/Src/stm32f4xx_hal_tim_ex.c.obj
START GROUP
LOAD c:/progra~2/gnuarm~1/102021~1.10/bin/../lib/gcc/arm-none-eabi/10.3.1/thumb/v7e-m/nofp\libgcc.a
LOAD c:/progra~2/gnuarm~1/102021~1.10/bin/../lib/gcc/arm-none-eabi/10.3.1/../../../../arm-none-eabi/lib/thumb/v7e-m/nofp\libg.a
LOAD c:/progra~2/gnuarm~1/102021~1.10/bin/../lib/gcc/arm-none-eabi/10.3.1/../../../../arm-none-eabi/lib/thumb/v7e-m/nofp\libc.a
END GROUP
LOAD c:/progra~2/gnuarm~1/102021~1.10/bin/../lib/gcc/arm-none-eabi/10.3.1/thumb/v7e-m/nofp/crtend.o
LOAD c:/progra~2/gnuarm~1/102021~1.10/bin/../lib/gcc/arm-none-eabi/10.3.1/thumb/v7e-m/nofp/crtn.o
                0x20020000                _estack = (ORIGIN (RAM) + LENGTH (RAM))
                0x00000200                _Min_Heap_Size = 0x200
                0x00000400                _Min_Stack_Size = 0x400

.isr_vector     0x08000000      0x188
                0x08000000                . = ALIGN (0x4)
 *(.isr_vector)
 .isr_vector    0x08000000      0x188 CMakeFiles/25_Outpost.elf.dir/Core/Startup/startup_stm32f407ighx.s.obj
                0x08000000                g_pfnVectors
                0x08000188                . = ALIGN (0x4)

.text           0x08000188     0x242c
                0x08000188                . = ALIGN (0x4)
 *(.text)
 .text          0x08000188       0x40 c:/progra~2/gnuarm~1/102021~1.10/bin/../lib/gcc/arm-none-eabi/10.3.1/thumb/v7e-m/nofp/crtbegin.o
 .text          0x080001c8      0x21c c:/progra~2/gnuarm~1/102021~1.10/bin/../lib/gcc/arm-none-eabi/10.3.1/thumb/v7e-m/nofp\libgcc.a(_arm_addsubsf3.o)
                0x080001c8                __aeabi_frsub
                0x080001d0                __subsf3
                0x080001d0                __aeabi_fsub
                0x080001d4                __aeabi_fadd
                0x080001d4                __addsf3
                0x08000334                __aeabi_ui2f
                0x08000334                __floatunsisf
                0x0800033c                __aeabi_i2f
                0x0800033c                __floatsisf
                0x08000358                __aeabi_ul2f
                0x08000358                __floatundisf
                0x08000368                __aeabi_l2f
                0x08000368                __floatdisf
 .text          0x080003e4      0x2a0 c:/progra~2/gnuarm~1/102021~1.10/bin/../lib/gcc/arm-none-eabi/10.3.1/thumb/v7e-m/nofp\libgcc.a(_arm_muldivsf3.o)
                0x080003e4                __mulsf3
                0x080003e4                __aeabi_fmul
                0x0800054c                __aeabi_fdiv
                0x0800054c                __divsf3
 .text          0x08000684       0xec c:/progra~2/gnuarm~1/102021~1.10/bin/../lib/gcc/arm-none-eabi/10.3.1/thumb/v7e-m/nofp\libgcc.a(_arm_cmpsf2.o)
                0x08000684                __gesf2
                0x08000684                __gtsf2
                0x0800068c                __lesf2
                0x0800068c                __ltsf2
                0x08000694                __nesf2
                0x08000694                __eqsf2
                0x08000694                __cmpsf2
                0x080006f4                __aeabi_cfrcmple
                0x080006fc                __aeabi_cfcmpeq
                0x080006fc                __aeabi_cfcmple
                0x0800070c                __aeabi_fcmpeq
                0x08000720                __aeabi_fcmplt
                0x08000734                __aeabi_fcmple
                0x08000748                __aeabi_fcmpge
                0x0800075c                __aeabi_fcmpgt
 .text          0x08000770       0x4c c:/progra~2/gnuarm~1/102021~1.10/bin/../lib/gcc/arm-none-eabi/10.3.1/thumb/v7e-m/nofp\libgcc.a(_arm_fixsfsi.o)
                0x08000770                __aeabi_f2iz
                0x08000770                __fixsfsi
 .text          0x080007bc       0x30 c:/progra~2/gnuarm~1/102021~1.10/bin/../lib/gcc/arm-none-eabi/10.3.1/thumb/v7e-m/nofp\libgcc.a(_aeabi_uldivmod.o)
                0x080007bc                __aeabi_uldivmod
 .text          0x080007ec      0x2d0 c:/progra~2/gnuarm~1/102021~1.10/bin/../lib/gcc/arm-none-eabi/10.3.1/thumb/v7e-m/nofp\libgcc.a(_udivmoddi4.o)
                0x080007ec                __udivmoddi4
 .text          0x08000abc        0x4 c:/progra~2/gnuarm~1/102021~1.10/bin/../lib/gcc/arm-none-eabi/10.3.1/thumb/v7e-m/nofp\libgcc.a(_dvmd_tls.o)
                0x08000abc                __aeabi_idiv0
                0x08000abc                __aeabi_ldiv0
 *(.text*)
 .text.HAL_CAN_RxFifo0MsgPendingCallback
                0x08000ac0       0x84 CMakeFiles/25_Outpost.elf.dir/Core/Src/CAN_receive.c.obj
                0x08000ac0                HAL_CAN_RxFifo0MsgPendingCallback
 .text.CAN_cmd_gimbal
                0x08000b44       0x54 CMakeFiles/25_Outpost.elf.dir/Core/Src/CAN_receive.c.obj
                0x08000b44                CAN_cmd_gimbal
 .text.get_yaw_gimbal_motor_measure_point
                0x08000b98        0x8 CMakeFiles/25_Outpost.elf.dir/Core/Src/CAN_receive.c.obj
                0x08000b98                get_yaw_gimbal_motor_measure_point
 .text.abs_limit
                0x08000ba0       0x22 CMakeFiles/25_Outpost.elf.dir/Core/Src/PID.c.obj
 .text.pid_init
                0x08000bc2       0x10 CMakeFiles/25_Outpost.elf.dir/Core/Src/PID.c.obj
                0x08000bc2                pid_init
 .text.pid_calc
                0x08000bd2       0x78 CMakeFiles/25_Outpost.elf.dir/Core/Src/PID.c.obj
                0x08000bd2                pid_calc
 *fill*         0x08000c4a        0x2 
 .text.can_filter_init
                0x08000c4c       0x5c CMakeFiles/25_Outpost.elf.dir/Core/Src/bsp_can.c.obj
                0x08000c4c                can_filter_init
 .text.MX_CAN1_Init
                0x08000ca8       0x40 CMakeFiles/25_Outpost.elf.dir/Core/Src/can.c.obj
                0x08000ca8                MX_CAN1_Init
 .text.MX_CAN2_Init
                0x08000ce8       0x40 CMakeFiles/25_Outpost.elf.dir/Core/Src/can.c.obj
                0x08000ce8                MX_CAN2_Init
 .text.HAL_CAN_MspInit
                0x08000d28      0x120 CMakeFiles/25_Outpost.elf.dir/Core/Src/can.c.obj
                0x08000d28                HAL_CAN_MspInit
 .text.first_Kalman_Create
                0x08000e48       0x18 CMakeFiles/25_Outpost.elf.dir/Core/Src/filter.c.obj
                0x08000e48                first_Kalman_Create
 .text.MX_GPIO_Init
                0x08000e60       0xb8 CMakeFiles/25_Outpost.elf.dir/Core/Src/gpio.c.obj
                0x08000e60                MX_GPIO_Init
 .text.HAL_GPIO_EXTI_Callback
                0x08000f18       0x2c CMakeFiles/25_Outpost.elf.dir/Core/Src/main.c.obj
                0x08000f18                HAL_GPIO_EXTI_Callback
 .text.Error_Handler
                0x08000f44        0x4 CMakeFiles/25_Outpost.elf.dir/Core/Src/main.c.obj
                0x08000f44                Error_Handler
 .text.SystemClock_Config
                0x08000f48       0xa8 CMakeFiles/25_Outpost.elf.dir/Core/Src/main.c.obj
                0x08000f48                SystemClock_Config
 .text.main     0x08000ff0      0x1a0 CMakeFiles/25_Outpost.elf.dir/Core/Src/main.c.obj
                0x08000ff0                main
 .text.HAL_MspInit
                0x08001190       0x38 CMakeFiles/25_Outpost.elf.dir/Core/Src/stm32f4xx_hal_msp.c.obj
                0x08001190                HAL_MspInit
 .text.NMI_Handler
                0x080011c8        0x2 CMakeFiles/25_Outpost.elf.dir/Core/Src/stm32f4xx_it.c.obj
                0x080011c8                NMI_Handler
 .text.HardFault_Handler
                0x080011ca        0x2 CMakeFiles/25_Outpost.elf.dir/Core/Src/stm32f4xx_it.c.obj
                0x080011ca                HardFault_Handler
 .text.MemManage_Handler
                0x080011cc        0x2 CMakeFiles/25_Outpost.elf.dir/Core/Src/stm32f4xx_it.c.obj
                0x080011cc                MemManage_Handler
 .text.BusFault_Handler
                0x080011ce        0x2 CMakeFiles/25_Outpost.elf.dir/Core/Src/stm32f4xx_it.c.obj
                0x080011ce                BusFault_Handler
 .text.UsageFault_Handler
                0x080011d0        0x2 CMakeFiles/25_Outpost.elf.dir/Core/Src/stm32f4xx_it.c.obj
                0x080011d0                UsageFault_Handler
 .text.SVC_Handler
                0x080011d2        0x2 CMakeFiles/25_Outpost.elf.dir/Core/Src/stm32f4xx_it.c.obj
                0x080011d2                SVC_Handler
 .text.DebugMon_Handler
                0x080011d4        0x2 CMakeFiles/25_Outpost.elf.dir/Core/Src/stm32f4xx_it.c.obj
                0x080011d4                DebugMon_Handler
 .text.PendSV_Handler
                0x080011d6        0x2 CMakeFiles/25_Outpost.elf.dir/Core/Src/stm32f4xx_it.c.obj
                0x080011d6                PendSV_Handler
 .text.SysTick_Handler
                0x080011d8        0x8 CMakeFiles/25_Outpost.elf.dir/Core/Src/stm32f4xx_it.c.obj
                0x080011d8                SysTick_Handler
 .text.EXTI0_IRQHandler
                0x080011e0        0xa CMakeFiles/25_Outpost.elf.dir/Core/Src/stm32f4xx_it.c.obj
                0x080011e0                EXTI0_IRQHandler
 *fill*         0x080011ea        0x2 
 .text.CAN1_RX0_IRQHandler
                0x080011ec       0x10 CMakeFiles/25_Outpost.elf.dir/Core/Src/stm32f4xx_it.c.obj
                0x080011ec                CAN1_RX0_IRQHandler
 .text.CAN2_RX0_IRQHandler
                0x080011fc       0x10 CMakeFiles/25_Outpost.elf.dir/Core/Src/stm32f4xx_it.c.obj
                0x080011fc                CAN2_RX0_IRQHandler
 .text.SystemInit
                0x0800120c        0x2 CMakeFiles/25_Outpost.elf.dir/Core/Src/system_stm32f4xx.c.obj
                0x0800120c                SystemInit
 *fill*         0x0800120e        0x2 
 .text.Reset_Handler
                0x08001210       0x50 CMakeFiles/25_Outpost.elf.dir/Core/Startup/startup_stm32f407ighx.s.obj
                0x08001210                Reset_Handler
 .text.Default_Handler
                0x08001260        0x2 CMakeFiles/25_Outpost.elf.dir/Core/Startup/startup_stm32f407ighx.s.obj
                0x08001260                RTC_Alarm_IRQHandler
                0x08001260                HASH_RNG_IRQHandler
                0x08001260                EXTI2_IRQHandler
                0x08001260                TIM8_CC_IRQHandler
                0x08001260                TIM1_CC_IRQHandler
                0x08001260                DMA2_Stream5_IRQHandler
                0x08001260                DMA1_Stream5_IRQHandler
                0x08001260                PVD_IRQHandler
                0x08001260                SDIO_IRQHandler
                0x08001260                TAMP_STAMP_IRQHandler
                0x08001260                CAN2_RX1_IRQHandler
                0x08001260                EXTI3_IRQHandler
                0x08001260                TIM8_TRG_COM_TIM14_IRQHandler
                0x08001260                TIM1_UP_TIM10_IRQHandler
                0x08001260                TIM8_UP_TIM13_IRQHandler
                0x08001260                I2C3_ER_IRQHandler
                0x08001260                I2C2_EV_IRQHandler
                0x08001260                DMA1_Stream2_IRQHandler
                0x08001260                FPU_IRQHandler
                0x08001260                OTG_HS_WKUP_IRQHandler
                0x08001260                CAN2_SCE_IRQHandler
                0x08001260                DMA2_Stream2_IRQHandler
                0x08001260                SPI1_IRQHandler
                0x08001260                TIM6_DAC_IRQHandler
                0x08001260                TIM1_BRK_TIM9_IRQHandler
                0x08001260                DCMI_IRQHandler
                0x08001260                DMA2_Stream3_IRQHandler
                0x08001260                USART6_IRQHandler
                0x08001260                USART3_IRQHandler
                0x08001260                CAN1_RX1_IRQHandler
                0x08001260                UART5_IRQHandler
                0x08001260                DMA2_Stream0_IRQHandler
                0x08001260                TIM4_IRQHandler
                0x08001260                I2C1_EV_IRQHandler
                0x08001260                DMA1_Stream6_IRQHandler
                0x08001260                DMA1_Stream1_IRQHandler
                0x08001260                UART4_IRQHandler
                0x08001260                TIM3_IRQHandler
                0x08001260                RCC_IRQHandler
                0x08001260                TIM8_BRK_TIM12_IRQHandler
                0x08001260                Default_Handler
                0x08001260                EXTI15_10_IRQHandler
                0x08001260                ADC_IRQHandler
                0x08001260                DMA1_Stream7_IRQHandler
                0x08001260                TIM7_IRQHandler
                0x08001260                CAN2_TX_IRQHandler
                0x08001260                TIM5_IRQHandler
                0x08001260                DMA2_Stream7_IRQHandler
                0x08001260                I2C3_EV_IRQHandler
                0x08001260                EXTI9_5_IRQHandler
                0x08001260                RTC_WKUP_IRQHandler
                0x08001260                ETH_WKUP_IRQHandler
                0x08001260                SPI2_IRQHandler
                0x08001260                OTG_HS_EP1_IN_IRQHandler
                0x08001260                DMA1_Stream0_IRQHandler
                0x08001260                CAN1_TX_IRQHandler
                0x08001260                EXTI4_IRQHandler
                0x08001260                FSMC_IRQHandler
                0x08001260                ETH_IRQHandler
                0x08001260                OTG_HS_EP1_OUT_IRQHandler
                0x08001260                WWDG_IRQHandler
                0x08001260                TIM2_IRQHandler
                0x08001260                OTG_FS_WKUP_IRQHandler
                0x08001260                TIM1_TRG_COM_TIM11_IRQHandler
                0x08001260                OTG_HS_IRQHandler
                0x08001260                EXTI1_IRQHandler
                0x08001260                USART2_IRQHandler
                0x08001260                I2C2_ER_IRQHandler
                0x08001260                DMA2_Stream1_IRQHandler
                0x08001260                CAN1_SCE_IRQHandler
                0x08001260                FLASH_IRQHandler
                0x08001260                DMA2_Stream4_IRQHandler
                0x08001260                USART1_IRQHandler
                0x08001260                OTG_FS_IRQHandler
                0x08001260                SPI3_IRQHandler
                0x08001260                DMA1_Stream4_IRQHandler
                0x08001260                I2C1_ER_IRQHandler
                0x08001260                DMA2_Stream6_IRQHandler
                0x08001260                DMA1_Stream3_IRQHandler
 *fill*         0x08001262        0x2 
 .text.HAL_InitTick
                0x08001264       0x4c CMakeFiles/25_Outpost.elf.dir/Drivers/STM32F4xx_HAL_Driver/Src/stm32f4xx_hal.c.obj
                0x08001264                HAL_InitTick
 .text.HAL_Init
                0x080012b0       0x34 CMakeFiles/25_Outpost.elf.dir/Drivers/STM32F4xx_HAL_Driver/Src/stm32f4xx_hal.c.obj
                0x080012b0                HAL_Init
 .text.HAL_IncTick
                0x080012e4       0x18 CMakeFiles/25_Outpost.elf.dir/Drivers/STM32F4xx_HAL_Driver/Src/stm32f4xx_hal.c.obj
                0x080012e4                HAL_IncTick
 .text.HAL_GetTick
                0x080012fc        0xc CMakeFiles/25_Outpost.elf.dir/Drivers/STM32F4xx_HAL_Driver/Src/stm32f4xx_hal.c.obj
                0x080012fc                HAL_GetTick
 .text.HAL_Delay
                0x08001308       0x28 CMakeFiles/25_Outpost.elf.dir/Drivers/STM32F4xx_HAL_Driver/Src/stm32f4xx_hal.c.obj
                0x08001308                HAL_Delay
 .text.HAL_CAN_Init
                0x08001330      0x14c CMakeFiles/25_Outpost.elf.dir/Drivers/STM32F4xx_HAL_Driver/Src/stm32f4xx_hal_can.c.obj
                0x08001330                HAL_CAN_Init
 .text.HAL_CAN_ConfigFilter
                0x0800147c      0x13c CMakeFiles/25_Outpost.elf.dir/Drivers/STM32F4xx_HAL_Driver/Src/stm32f4xx_hal_can.c.obj
                0x0800147c                HAL_CAN_ConfigFilter
 .text.HAL_CAN_Start
                0x080015b8       0x5c CMakeFiles/25_Outpost.elf.dir/Drivers/STM32F4xx_HAL_Driver/Src/stm32f4xx_hal_can.c.obj
                0x080015b8                HAL_CAN_Start
 .text.HAL_CAN_AddTxMessage
                0x08001614       0xea CMakeFiles/25_Outpost.elf.dir/Drivers/STM32F4xx_HAL_Driver/Src/stm32f4xx_hal_can.c.obj
                0x08001614                HAL_CAN_AddTxMessage
 .text.HAL_CAN_GetRxMessage
                0x080016fe      0x16a CMakeFiles/25_Outpost.elf.dir/Drivers/STM32F4xx_HAL_Driver/Src/stm32f4xx_hal_can.c.obj
                0x080016fe                HAL_CAN_GetRxMessage
 .text.HAL_CAN_ActivateNotification
                0x08001868       0x24 CMakeFiles/25_Outpost.elf.dir/Drivers/STM32F4xx_HAL_Driver/Src/stm32f4xx_hal_can.c.obj
                0x08001868                HAL_CAN_ActivateNotification
 .text.HAL_CAN_TxMailbox0CompleteCallback
                0x0800188c        0x2 CMakeFiles/25_Outpost.elf.dir/Drivers/STM32F4xx_HAL_Driver/Src/stm32f4xx_hal_can.c.obj
                0x0800188c                HAL_CAN_TxMailbox0CompleteCallback
 .text.HAL_CAN_TxMailbox1CompleteCallback
                0x0800188e        0x2 CMakeFiles/25_Outpost.elf.dir/Drivers/STM32F4xx_HAL_Driver/Src/stm32f4xx_hal_can.c.obj
                0x0800188e                HAL_CAN_TxMailbox1CompleteCallback
 .text.HAL_CAN_TxMailbox2CompleteCallback
                0x08001890        0x2 CMakeFiles/25_Outpost.elf.dir/Drivers/STM32F4xx_HAL_Driver/Src/stm32f4xx_hal_can.c.obj
                0x08001890                HAL_CAN_TxMailbox2CompleteCallback
 .text.HAL_CAN_TxMailbox0AbortCallback
                0x08001892        0x2 CMakeFiles/25_Outpost.elf.dir/Drivers/STM32F4xx_HAL_Driver/Src/stm32f4xx_hal_can.c.obj
                0x08001892                HAL_CAN_TxMailbox0AbortCallback
 .text.HAL_CAN_TxMailbox1AbortCallback
                0x08001894        0x2 CMakeFiles/25_Outpost.elf.dir/Drivers/STM32F4xx_HAL_Driver/Src/stm32f4xx_hal_can.c.obj
                0x08001894                HAL_CAN_TxMailbox1AbortCallback
 .text.HAL_CAN_TxMailbox2AbortCallback
                0x08001896        0x2 CMakeFiles/25_Outpost.elf.dir/Drivers/STM32F4xx_HAL_Driver/Src/stm32f4xx_hal_can.c.obj
                0x08001896                HAL_CAN_TxMailbox2AbortCallback
 .text.HAL_CAN_RxFifo0FullCallback
                0x08001898        0x2 CMakeFiles/25_Outpost.elf.dir/Drivers/STM32F4xx_HAL_Driver/Src/stm32f4xx_hal_can.c.obj
                0x08001898                HAL_CAN_RxFifo0FullCallback
 .text.HAL_CAN_RxFifo1MsgPendingCallback
                0x0800189a        0x2 CMakeFiles/25_Outpost.elf.dir/Drivers/STM32F4xx_HAL_Driver/Src/stm32f4xx_hal_can.c.obj
                0x0800189a                HAL_CAN_RxFifo1MsgPendingCallback
 .text.HAL_CAN_RxFifo1FullCallback
                0x0800189c        0x2 CMakeFiles/25_Outpost.elf.dir/Drivers/STM32F4xx_HAL_Driver/Src/stm32f4xx_hal_can.c.obj
                0x0800189c                HAL_CAN_RxFifo1FullCallback
 .text.HAL_CAN_SleepCallback
                0x0800189e        0x2 CMakeFiles/25_Outpost.elf.dir/Drivers/STM32F4xx_HAL_Driver/Src/stm32f4xx_hal_can.c.obj
                0x0800189e                HAL_CAN_SleepCallback
 .text.HAL_CAN_WakeUpFromRxMsgCallback
                0x080018a0        0x2 CMakeFiles/25_Outpost.elf.dir/Drivers/STM32F4xx_HAL_Driver/Src/stm32f4xx_hal_can.c.obj
                0x080018a0                HAL_CAN_WakeUpFromRxMsgCallback
 .text.HAL_CAN_ErrorCallback
                0x080018a2        0x2 CMakeFiles/25_Outpost.elf.dir/Drivers/STM32F4xx_HAL_Driver/Src/stm32f4xx_hal_can.c.obj
                0x080018a2                HAL_CAN_ErrorCallback
 .text.HAL_CAN_IRQHandler
                0x080018a4      0x24a CMakeFiles/25_Outpost.elf.dir/Drivers/STM32F4xx_HAL_Driver/Src/stm32f4xx_hal_can.c.obj
                0x080018a4                HAL_CAN_IRQHandler
 *fill*         0x08001aee        0x2 
 .text.HAL_NVIC_SetPriorityGrouping
                0x08001af0       0x24 CMakeFiles/25_Outpost.elf.dir/Drivers/STM32F4xx_HAL_Driver/Src/stm32f4xx_hal_cortex.c.obj
                0x08001af0                HAL_NVIC_SetPriorityGrouping
 .text.HAL_NVIC_SetPriority
                0x08001b14       0x70 CMakeFiles/25_Outpost.elf.dir/Drivers/STM32F4xx_HAL_Driver/Src/stm32f4xx_hal_cortex.c.obj
                0x08001b14                HAL_NVIC_SetPriority
 .text.HAL_NVIC_EnableIRQ
                0x08001b84       0x1c CMakeFiles/25_Outpost.elf.dir/Drivers/STM32F4xx_HAL_Driver/Src/stm32f4xx_hal_cortex.c.obj
                0x08001b84                HAL_NVIC_EnableIRQ
 .text.HAL_SYSTICK_Config
                0x08001ba0       0x28 CMakeFiles/25_Outpost.elf.dir/Drivers/STM32F4xx_HAL_Driver/Src/stm32f4xx_hal_cortex.c.obj
                0x08001ba0                HAL_SYSTICK_Config
 .text.HAL_GPIO_Init
                0x08001bc8      0x1e4 CMakeFiles/25_Outpost.elf.dir/Drivers/STM32F4xx_HAL_Driver/Src/stm32f4xx_hal_gpio.c.obj
                0x08001bc8                HAL_GPIO_Init
 .text.HAL_GPIO_WritePin
                0x08001dac        0xc CMakeFiles/25_Outpost.elf.dir/Drivers/STM32F4xx_HAL_Driver/Src/stm32f4xx_hal_gpio.c.obj
                0x08001dac                HAL_GPIO_WritePin
 .text.HAL_GPIO_EXTI_IRQHandler
                0x08001db8       0x1c CMakeFiles/25_Outpost.elf.dir/Drivers/STM32F4xx_HAL_Driver/Src/stm32f4xx_hal_gpio.c.obj
                0x08001db8                HAL_GPIO_EXTI_IRQHandler
 .text.HAL_RCC_OscConfig
                0x08001dd4      0x3f8 CMakeFiles/25_Outpost.elf.dir/Drivers/STM32F4xx_HAL_Driver/Src/stm32f4xx_hal_rcc.c.obj
                0x08001dd4                HAL_RCC_OscConfig
 .text.HAL_RCC_GetSysClockFreq
                0x080021cc       0xa4 CMakeFiles/25_Outpost.elf.dir/Drivers/STM32F4xx_HAL_Driver/Src/stm32f4xx_hal_rcc.c.obj
                0x080021cc                HAL_RCC_GetSysClockFreq
 .text.HAL_RCC_ClockConfig
                0x08002270      0x160 CMakeFiles/25_Outpost.elf.dir/Drivers/STM32F4xx_HAL_Driver/Src/stm32f4xx_hal_rcc.c.obj
                0x08002270                HAL_RCC_ClockConfig
 .text.__libc_init_array
                0x080023d0       0x48 c:/progra~2/gnuarm~1/102021~1.10/bin/../lib/gcc/arm-none-eabi/10.3.1/../../../../arm-none-eabi/lib/thumb/v7e-m/nofp\libg.a(lib_a-init.o)
                0x080023d0                __libc_init_array
 .text.memset   0x08002418       0xa4 c:/progra~2/gnuarm~1/102021~1.10/bin/../lib/gcc/arm-none-eabi/10.3.1/../../../../arm-none-eabi/lib/thumb/v7e-m/nofp\libg.a(lib_a-memset.o)
                0x08002418                memset
 .text.startup.register_fini
                0x080024bc       0x14 c:/progra~2/gnuarm~1/102021~1.10/bin/../lib/gcc/arm-none-eabi/10.3.1/../../../../arm-none-eabi/lib/thumb/v7e-m/nofp\libg.a(lib_a-__call_atexit.o)
 .text.atexit   0x080024d0        0xc c:/progra~2/gnuarm~1/102021~1.10/bin/../lib/gcc/arm-none-eabi/10.3.1/../../../../arm-none-eabi/lib/thumb/v7e-m/nofp\libg.a(lib_a-atexit.o)
                0x080024d0                atexit
 .text.__libc_fini_array
                0x080024dc       0x2c c:/progra~2/gnuarm~1/102021~1.10/bin/../lib/gcc/arm-none-eabi/10.3.1/../../../../arm-none-eabi/lib/thumb/v7e-m/nofp\libg.a(lib_a-fini.o)
                0x080024dc                __libc_fini_array
 .text.__retarget_lock_acquire_recursive
                0x08002508        0x4 c:/progra~2/gnuarm~1/102021~1.10/bin/../lib/gcc/arm-none-eabi/10.3.1/../../../../arm-none-eabi/lib/thumb/v7e-m/nofp\libg.a(lib_a-lock.o)
                0x08002508                __retarget_lock_acquire_recursive
 .text.__retarget_lock_release_recursive
                0x0800250c        0x4 c:/progra~2/gnuarm~1/102021~1.10/bin/../lib/gcc/arm-none-eabi/10.3.1/../../../../arm-none-eabi/lib/thumb/v7e-m/nofp\libg.a(lib_a-lock.o)
                0x0800250c                __retarget_lock_release_recursive
 .text.__register_exitproc
                0x08002510       0x8c c:/progra~2/gnuarm~1/102021~1.10/bin/../lib/gcc/arm-none-eabi/10.3.1/../../../../arm-none-eabi/lib/thumb/v7e-m/nofp\libg.a(lib_a-__atexit.o)
                0x08002510                __register_exitproc
 *(.glue_7)
 .glue_7        0x0800259c        0x0 linker stubs
 *(.glue_7t)
 .glue_7t       0x0800259c        0x0 linker stubs
 *(.eh_frame)
 .eh_frame      0x0800259c        0x0 c:/progra~2/gnuarm~1/102021~1.10/bin/../lib/gcc/arm-none-eabi/10.3.1/thumb/v7e-m/nofp/crtbegin.o
 *(.init)
 .init          0x0800259c        0x4 c:/progra~2/gnuarm~1/102021~1.10/bin/../lib/gcc/arm-none-eabi/10.3.1/thumb/v7e-m/nofp/crti.o
                0x0800259c                _init
 .init          0x080025a0        0x8 c:/progra~2/gnuarm~1/102021~1.10/bin/../lib/gcc/arm-none-eabi/10.3.1/thumb/v7e-m/nofp/crtn.o
 *(.fini)
 .fini          0x080025a8        0x4 c:/progra~2/gnuarm~1/102021~1.10/bin/../lib/gcc/arm-none-eabi/10.3.1/thumb/v7e-m/nofp/crti.o
                0x080025a8                _fini
 .fini          0x080025ac        0x8 c:/progra~2/gnuarm~1/102021~1.10/bin/../lib/gcc/arm-none-eabi/10.3.1/thumb/v7e-m/nofp/crtn.o
                0x080025b4                . = ALIGN (0x4)
                0x080025b4                _etext = .

.vfp11_veneer   0x080025b4        0x0
 .vfp11_veneer  0x080025b4        0x0 linker stubs

.v4_bx          0x080025b4        0x0
 .v4_bx         0x080025b4        0x0 linker stubs

.iplt           0x080025b4        0x0
 .iplt          0x080025b4        0x0 c:/progra~2/gnuarm~1/102021~1.10/bin/../lib/gcc/arm-none-eabi/10.3.1/thumb/v7e-m/nofp/crtbegin.o

.rodata         0x080025b4       0x14
                0x080025b4                . = ALIGN (0x4)
 *(.rodata)
 *(.rodata*)
 .rodata.AHBPrescTable
                0x080025b4       0x10 CMakeFiles/25_Outpost.elf.dir/Core/Src/system_stm32f4xx.c.obj
                0x080025b4                AHBPrescTable
 .rodata._global_impure_ptr
                0x080025c4        0x4 c:/progra~2/gnuarm~1/102021~1.10/bin/../lib/gcc/arm-none-eabi/10.3.1/../../../../arm-none-eabi/lib/thumb/v7e-m/nofp\libg.a(lib_a-impure.o)
                0x080025c4                _global_impure_ptr
                0x080025c8                . = ALIGN (0x4)

.ARM.extab      0x080025c8        0x0
                0x080025c8                . = ALIGN (0x4)
 *(.ARM.extab* .gnu.linkonce.armextab.*)
                0x080025c8                . = ALIGN (0x4)

.ARM            0x080025c8        0x8
                0x080025c8                . = ALIGN (0x4)
                0x080025c8                __exidx_start = .
 *(.ARM.exidx*)
 .ARM.exidx     0x080025c8        0x8 c:/progra~2/gnuarm~1/102021~1.10/bin/../lib/gcc/arm-none-eabi/10.3.1/thumb/v7e-m/nofp\libgcc.a(_udivmoddi4.o)
                0x080025d0                __exidx_end = .
                0x080025d0                . = ALIGN (0x4)

.rel.dyn        0x080025d0        0x0
 .rel.iplt      0x080025d0        0x0 c:/progra~2/gnuarm~1/102021~1.10/bin/../lib/gcc/arm-none-eabi/10.3.1/thumb/v7e-m/nofp/crtbegin.o

.preinit_array  0x080025d0        0x0
                0x080025d0                . = ALIGN (0x4)
                0x080025d0                PROVIDE (__preinit_array_start = .)
 *(.preinit_array*)
                0x080025d0                PROVIDE (__preinit_array_end = .)
                0x080025d0                . = ALIGN (0x4)

.init_array     0x080025d0        0x8
                0x080025d0                . = ALIGN (0x4)
                0x080025d0                PROVIDE (__init_array_start = .)
 *(SORT_BY_NAME(.init_array.*))
 .init_array.00000
                0x080025d0        0x4 c:/progra~2/gnuarm~1/102021~1.10/bin/../lib/gcc/arm-none-eabi/10.3.1/../../../../arm-none-eabi/lib/thumb/v7e-m/nofp\libg.a(lib_a-__call_atexit.o)
 *(.init_array*)
 .init_array    0x080025d4        0x4 c:/progra~2/gnuarm~1/102021~1.10/bin/../lib/gcc/arm-none-eabi/10.3.1/thumb/v7e-m/nofp/crtbegin.o
                0x080025d8                PROVIDE (__init_array_end = .)
                0x080025d8                . = ALIGN (0x4)

.fini_array     0x080025d8        0x4
                0x080025d8                . = ALIGN (0x4)
                0x080025d8                PROVIDE (__fini_array_start = .)
 *(SORT_BY_NAME(.fini_array.*))
 *(.fini_array*)
 .fini_array    0x080025d8        0x4 c:/progra~2/gnuarm~1/102021~1.10/bin/../lib/gcc/arm-none-eabi/10.3.1/thumb/v7e-m/nofp/crtbegin.o
                0x080025dc                PROVIDE (__fini_array_end = .)
                0x080025dc                . = ALIGN (0x4)
                0x080025dc                _sidata = LOADADDR (.data)

.data           0x20000000      0x43c load address 0x080025dc
                0x20000000                . = ALIGN (0x4)
                0x20000000                _sdata = .
 *(.data)
 *(.data*)
 .data.rotateSpeed
                0x20000000        0x1 CMakeFiles/25_Outpost.elf.dir/Core/Src/main.c.obj
                0x20000000                rotateSpeed
 *fill*         0x20000001        0x3 
 .data.SystemCoreClock
                0x20000004        0x4 CMakeFiles/25_Outpost.elf.dir/Core/Src/system_stm32f4xx.c.obj
                0x20000004                SystemCoreClock
 .data.uwTickFreq
                0x20000008        0x1 CMakeFiles/25_Outpost.elf.dir/Drivers/STM32F4xx_HAL_Driver/Src/stm32f4xx_hal.c.obj
                0x20000008                uwTickFreq
 *fill*         0x20000009        0x3 
 .data.uwTickPrio
                0x2000000c        0x4 CMakeFiles/25_Outpost.elf.dir/Drivers/STM32F4xx_HAL_Driver/Src/stm32f4xx_hal.c.obj
                0x2000000c                uwTickPrio
 .data.impure_data
                0x20000010      0x428 c:/progra~2/gnuarm~1/102021~1.10/bin/../lib/gcc/arm-none-eabi/10.3.1/../../../../arm-none-eabi/lib/thumb/v7e-m/nofp\libg.a(lib_a-impure.o)
 .data.__atexit_recursive_mutex
                0x20000438        0x4 c:/progra~2/gnuarm~1/102021~1.10/bin/../lib/gcc/arm-none-eabi/10.3.1/../../../../arm-none-eabi/lib/thumb/v7e-m/nofp\libg.a(lib_a-__call_atexit.o)
                0x20000438                __atexit_recursive_mutex
 *(.RamFunc)
 *(.RamFunc*)
                0x2000043c                . = ALIGN (0x4)
                0x2000043c                _edata = .
                0x08002a18                _siccmram = LOADADDR (.ccmram)

.igot.plt       0x2000043c        0x0 load address 0x08002a18
 .igot.plt      0x2000043c        0x0 c:/progra~2/gnuarm~1/102021~1.10/bin/../lib/gcc/arm-none-eabi/10.3.1/thumb/v7e-m/nofp/crtbegin.o

.ccmram         0x10000000        0x0 load address 0x08002a18
                0x10000000                . = ALIGN (0x4)
                0x10000000                _sccmram = .
 *(.ccmram)
 *(.ccmram*)
                0x10000000                . = ALIGN (0x4)
                0x10000000                _eccmram = .
                0x10000000                . = ALIGN (0x4)

.bss            0x2000043c      0x160
                0x2000043c                _sbss = .
                0x2000043c                __bss_start__ = _sbss
 *(.bss)
 .bss           0x2000043c       0x1c c:/progra~2/gnuarm~1/102021~1.10/bin/../lib/gcc/arm-none-eabi/10.3.1/thumb/v7e-m/nofp/crtbegin.o
 *(.bss*)
 .bss.gimbal_can_send_data
                0x20000458        0x8 CMakeFiles/25_Outpost.elf.dir/Core/Src/CAN_receive.c.obj
 .bss.gimbal_tx_message
                0x20000460       0x18 CMakeFiles/25_Outpost.elf.dir/Core/Src/CAN_receive.c.obj
 .bss.i.0       0x20000478        0x1 CMakeFiles/25_Outpost.elf.dir/Core/Src/CAN_receive.c.obj
 *fill*         0x20000479        0x3 
 .bss.motor_chassis
                0x2000047c       0x46 CMakeFiles/25_Outpost.elf.dir/Core/Src/CAN_receive.c.obj
 *fill*         0x200004c2        0x2 
 .bss.HAL_RCC_CAN1_CLK_ENABLED
                0x200004c4        0x4 CMakeFiles/25_Outpost.elf.dir/Core/Src/can.c.obj
 .bss.hcan1     0x200004c8       0x28 CMakeFiles/25_Outpost.elf.dir/Core/Src/can.c.obj
                0x200004c8                hcan1
 .bss.hcan2     0x200004f0       0x28 CMakeFiles/25_Outpost.elf.dir/Core/Src/can.c.obj
                0x200004f0                hcan2
 .bss.first_kalman_filter
                0x20000518       0x30 CMakeFiles/25_Outpost.elf.dir/Core/Src/main.c.obj
                0x20000518                first_kalman_filter
 .bss.give_current
                0x20000548        0x2 CMakeFiles/25_Outpost.elf.dir/Core/Src/main.c.obj
                0x20000548                give_current
 *fill*         0x2000054a        0x2 
 .bss.motor_measure
                0x2000054c        0xa CMakeFiles/25_Outpost.elf.dir/Core/Src/main.c.obj
                0x2000054c                motor_measure
 *fill*         0x20000556        0x2 
 .bss.rotateCurrentPID
                0x20000558       0x38 CMakeFiles/25_Outpost.elf.dir/Core/Src/main.c.obj
                0x20000558                rotateCurrentPID
 .bss.rotateDirection
                0x20000590        0x1 CMakeFiles/25_Outpost.elf.dir/Core/Src/main.c.obj
                0x20000590                rotateDirection
 .bss.rotateState
                0x20000591        0x1 CMakeFiles/25_Outpost.elf.dir/Core/Src/main.c.obj
                0x20000591                rotateState
 .bss.speed_rpm
                0x20000592        0x2 CMakeFiles/25_Outpost.elf.dir/Core/Src/main.c.obj
                0x20000592                speed_rpm
 .bss.uwTick    0x20000594        0x4 CMakeFiles/25_Outpost.elf.dir/Drivers/STM32F4xx_HAL_Driver/Src/stm32f4xx_hal.c.obj
                0x20000594                uwTick
 .bss.__lock___atexit_recursive_mutex
                0x20000598        0x1 c:/progra~2/gnuarm~1/102021~1.10/bin/../lib/gcc/arm-none-eabi/10.3.1/../../../../arm-none-eabi/lib/thumb/v7e-m/nofp\libg.a(lib_a-lock.o)
                0x20000598                __lock___atexit_recursive_mutex
 *(COMMON)
                0x2000059c                . = ALIGN (0x4)
 *fill*         0x20000599        0x3 
                0x2000059c                _ebss = .
                0x2000059c                __bss_end__ = _ebss

._user_heap_stack
                0x2000059c      0x604
                0x200005a0                . = ALIGN (0x8)
 *fill*         0x2000059c        0x4 
                [!provide]                PROVIDE (end = .)
                0x200005a0                PROVIDE (_end = .)
                0x200007a0                . = (. + _Min_Heap_Size)
 *fill*         0x200005a0      0x200 
                0x20000ba0                . = (. + _Min_Stack_Size)
 *fill*         0x200007a0      0x400 
                0x20000ba0                . = ALIGN (0x8)

/DISCARD/
 libc.a(*)
 libm.a(*)
 libgcc.a(*)

.ARM.attributes
                0x00000000       0x2a
 *(.ARM.attributes)
 .ARM.attributes
                0x00000000       0x1e c:/progra~2/gnuarm~1/102021~1.10/bin/../lib/gcc/arm-none-eabi/10.3.1/thumb/v7e-m/nofp/crti.o
 .ARM.attributes
                0x0000001e       0x2e c:/progra~2/gnuarm~1/102021~1.10/bin/../lib/gcc/arm-none-eabi/10.3.1/thumb/v7e-m/nofp/crtbegin.o
 .ARM.attributes
                0x0000004c       0x2e CMakeFiles/25_Outpost.elf.dir/Core/Src/CAN_receive.c.obj
 .ARM.attributes
                0x0000007a       0x2e CMakeFiles/25_Outpost.elf.dir/Core/Src/PID.c.obj
 .ARM.attributes
                0x000000a8       0x2e CMakeFiles/25_Outpost.elf.dir/Core/Src/bsp_can.c.obj
 .ARM.attributes
                0x000000d6       0x2e CMakeFiles/25_Outpost.elf.dir/Core/Src/can.c.obj
 .ARM.attributes
                0x00000104       0x2e CMakeFiles/25_Outpost.elf.dir/Core/Src/filter.c.obj
 .ARM.attributes
                0x00000132       0x2e CMakeFiles/25_Outpost.elf.dir/Core/Src/gpio.c.obj
 .ARM.attributes
                0x00000160       0x2e CMakeFiles/25_Outpost.elf.dir/Core/Src/main.c.obj
 .ARM.attributes
                0x0000018e       0x2e CMakeFiles/25_Outpost.elf.dir/Core/Src/stm32f4xx_hal_msp.c.obj
 .ARM.attributes
                0x000001bc       0x2e CMakeFiles/25_Outpost.elf.dir/Core/Src/stm32f4xx_it.c.obj
 .ARM.attributes
                0x000001ea       0x2e CMakeFiles/25_Outpost.elf.dir/Core/Src/system_stm32f4xx.c.obj
 .ARM.attributes
                0x00000218       0x21 CMakeFiles/25_Outpost.elf.dir/Core/Startup/startup_stm32f407ighx.s.obj
 .ARM.attributes
                0x00000239       0x2e CMakeFiles/25_Outpost.elf.dir/Drivers/STM32F4xx_HAL_Driver/Src/stm32f4xx_hal.c.obj
 .ARM.attributes
                0x00000267       0x2e CMakeFiles/25_Outpost.elf.dir/Drivers/STM32F4xx_HAL_Driver/Src/stm32f4xx_hal_can.c.obj
 .ARM.attributes
                0x00000295       0x2e CMakeFiles/25_Outpost.elf.dir/Drivers/STM32F4xx_HAL_Driver/Src/stm32f4xx_hal_cortex.c.obj
 .ARM.attributes
                0x000002c3       0x2e CMakeFiles/25_Outpost.elf.dir/Drivers/STM32F4xx_HAL_Driver/Src/stm32f4xx_hal_gpio.c.obj
 .ARM.attributes
                0x000002f1       0x2e CMakeFiles/25_Outpost.elf.dir/Drivers/STM32F4xx_HAL_Driver/Src/stm32f4xx_hal_rcc.c.obj
 .ARM.attributes
                0x0000031f       0x1e c:/progra~2/gnuarm~1/102021~1.10/bin/../lib/gcc/arm-none-eabi/10.3.1/thumb/v7e-m/nofp\libgcc.a(_arm_addsubsf3.o)
 .ARM.attributes
                0x0000033d       0x1e c:/progra~2/gnuarm~1/102021~1.10/bin/../lib/gcc/arm-none-eabi/10.3.1/thumb/v7e-m/nofp\libgcc.a(_arm_muldivsf3.o)
 .ARM.attributes
                0x0000035b       0x1e c:/progra~2/gnuarm~1/102021~1.10/bin/../lib/gcc/arm-none-eabi/10.3.1/thumb/v7e-m/nofp\libgcc.a(_arm_cmpsf2.o)
 .ARM.attributes
                0x00000379       0x1e c:/progra~2/gnuarm~1/102021~1.10/bin/../lib/gcc/arm-none-eabi/10.3.1/thumb/v7e-m/nofp\libgcc.a(_arm_fixsfsi.o)
 .ARM.attributes
                0x00000397       0x1e c:/progra~2/gnuarm~1/102021~1.10/bin/../lib/gcc/arm-none-eabi/10.3.1/thumb/v7e-m/nofp\libgcc.a(_aeabi_uldivmod.o)
 .ARM.attributes
                0x000003b5       0x2e c:/progra~2/gnuarm~1/102021~1.10/bin/../lib/gcc/arm-none-eabi/10.3.1/thumb/v7e-m/nofp\libgcc.a(_udivmoddi4.o)
 .ARM.attributes
                0x000003e3       0x1e c:/progra~2/gnuarm~1/102021~1.10/bin/../lib/gcc/arm-none-eabi/10.3.1/thumb/v7e-m/nofp\libgcc.a(_dvmd_tls.o)
 .ARM.attributes
                0x00000401       0x2e c:/progra~2/gnuarm~1/102021~1.10/bin/../lib/gcc/arm-none-eabi/10.3.1/../../../../arm-none-eabi/lib/thumb/v7e-m/nofp\libg.a(lib_a-impure.o)
 .ARM.attributes
                0x0000042f       0x2e c:/progra~2/gnuarm~1/102021~1.10/bin/../lib/gcc/arm-none-eabi/10.3.1/../../../../arm-none-eabi/lib/thumb/v7e-m/nofp\libg.a(lib_a-init.o)
 .ARM.attributes
                0x0000045d       0x2e c:/progra~2/gnuarm~1/102021~1.10/bin/../lib/gcc/arm-none-eabi/10.3.1/../../../../arm-none-eabi/lib/thumb/v7e-m/nofp\libg.a(lib_a-memset.o)
 .ARM.attributes
                0x0000048b       0x2e c:/progra~2/gnuarm~1/102021~1.10/bin/../lib/gcc/arm-none-eabi/10.3.1/../../../../arm-none-eabi/lib/thumb/v7e-m/nofp\libg.a(lib_a-__call_atexit.o)
 .ARM.attributes
                0x000004b9       0x2e c:/progra~2/gnuarm~1/102021~1.10/bin/../lib/gcc/arm-none-eabi/10.3.1/../../../../arm-none-eabi/lib/thumb/v7e-m/nofp\libg.a(lib_a-atexit.o)
 .ARM.attributes
                0x000004e7       0x2e c:/progra~2/gnuarm~1/102021~1.10/bin/../lib/gcc/arm-none-eabi/10.3.1/../../../../arm-none-eabi/lib/thumb/v7e-m/nofp\libg.a(lib_a-fini.o)
 .ARM.attributes
                0x00000515       0x2e c:/progra~2/gnuarm~1/102021~1.10/bin/../lib/gcc/arm-none-eabi/10.3.1/../../../../arm-none-eabi/lib/thumb/v7e-m/nofp\libg.a(lib_a-lock.o)
 .ARM.attributes
                0x00000543       0x2e c:/progra~2/gnuarm~1/102021~1.10/bin/../lib/gcc/arm-none-eabi/10.3.1/../../../../arm-none-eabi/lib/thumb/v7e-m/nofp\libg.a(lib_a-__atexit.o)
 .ARM.attributes
                0x00000571       0x1e c:/progra~2/gnuarm~1/102021~1.10/bin/../lib/gcc/arm-none-eabi/10.3.1/thumb/v7e-m/nofp/crtn.o
OUTPUT(25_Outpost.elf elf32-littlearm)
LOAD linker stubs
LOAD c:/progra~2/gnuarm~1/102021~1.10/bin/../lib/gcc/arm-none-eabi/10.3.1/../../../../arm-none-eabi/lib/thumb/v7e-m/nofp\libc.a
LOAD c:/progra~2/gnuarm~1/102021~1.10/bin/../lib/gcc/arm-none-eabi/10.3.1/../../../../arm-none-eabi/lib/thumb/v7e-m/nofp\libm.a
LOAD c:/progra~2/gnuarm~1/102021~1.10/bin/../lib/gcc/arm-none-eabi/10.3.1/thumb/v7e-m/nofp\libgcc.a

.debug_info     0x00000000     0x94e6
 .debug_info    0x00000000      0x959 CMakeFiles/25_Outpost.elf.dir/Core/Src/CAN_receive.c.obj
 .debug_info    0x00000959      0x6c0 CMakeFiles/25_Outpost.elf.dir/Core/Src/PID.c.obj
 .debug_info    0x00001019      0x5fd CMakeFiles/25_Outpost.elf.dir/Core/Src/bsp_can.c.obj
 .debug_info    0x00001616      0xcb1 CMakeFiles/25_Outpost.elf.dir/Core/Src/can.c.obj
 .debug_info    0x000022c7      0xefa CMakeFiles/25_Outpost.elf.dir/Core/Src/filter.c.obj
 .debug_info    0x000031c1      0x707 CMakeFiles/25_Outpost.elf.dir/Core/Src/gpio.c.obj
 .debug_info    0x000038c8      0xfcf CMakeFiles/25_Outpost.elf.dir/Core/Src/main.c.obj
 .debug_info    0x00004897      0x2a4 CMakeFiles/25_Outpost.elf.dir/Core/Src/stm32f4xx_hal_msp.c.obj
 .debug_info    0x00004b3b      0x5d3 CMakeFiles/25_Outpost.elf.dir/Core/Src/stm32f4xx_it.c.obj
 .debug_info    0x0000510e      0x37d CMakeFiles/25_Outpost.elf.dir/Core/Src/system_stm32f4xx.c.obj
 .debug_info    0x0000548b       0x22 CMakeFiles/25_Outpost.elf.dir/Core/Startup/startup_stm32f407ighx.s.obj
 .debug_info    0x000054ad      0x9f0 CMakeFiles/25_Outpost.elf.dir/Drivers/STM32F4xx_HAL_Driver/Src/stm32f4xx_hal.c.obj
 .debug_info    0x00005e9d     0x12b8 CMakeFiles/25_Outpost.elf.dir/Drivers/STM32F4xx_HAL_Driver/Src/stm32f4xx_hal_can.c.obj
 .debug_info    0x00007155     0x10de CMakeFiles/25_Outpost.elf.dir/Drivers/STM32F4xx_HAL_Driver/Src/stm32f4xx_hal_cortex.c.obj
 .debug_info    0x00008233      0x7b0 CMakeFiles/25_Outpost.elf.dir/Drivers/STM32F4xx_HAL_Driver/Src/stm32f4xx_hal_gpio.c.obj
 .debug_info    0x000089e3      0xb03 CMakeFiles/25_Outpost.elf.dir/Drivers/STM32F4xx_HAL_Driver/Src/stm32f4xx_hal_rcc.c.obj

.debug_abbrev   0x00000000     0x1d2b
 .debug_abbrev  0x00000000      0x202 CMakeFiles/25_Outpost.elf.dir/Core/Src/CAN_receive.c.obj
 .debug_abbrev  0x00000202      0x198 CMakeFiles/25_Outpost.elf.dir/Core/Src/PID.c.obj
 .debug_abbrev  0x0000039a      0x181 CMakeFiles/25_Outpost.elf.dir/Core/Src/bsp_can.c.obj
 .debug_abbrev  0x0000051b      0x1e5 CMakeFiles/25_Outpost.elf.dir/Core/Src/can.c.obj
 .debug_abbrev  0x00000700      0x290 CMakeFiles/25_Outpost.elf.dir/Core/Src/filter.c.obj
 .debug_abbrev  0x00000990      0x16a CMakeFiles/25_Outpost.elf.dir/Core/Src/gpio.c.obj
 .debug_abbrev  0x00000afa      0x258 CMakeFiles/25_Outpost.elf.dir/Core/Src/main.c.obj
 .debug_abbrev  0x00000d52       0xd1 CMakeFiles/25_Outpost.elf.dir/Core/Src/stm32f4xx_hal_msp.c.obj
 .debug_abbrev  0x00000e23      0x19b CMakeFiles/25_Outpost.elf.dir/Core/Src/stm32f4xx_it.c.obj
 .debug_abbrev  0x00000fbe      0x119 CMakeFiles/25_Outpost.elf.dir/Core/Src/system_stm32f4xx.c.obj
 .debug_abbrev  0x000010d7       0x12 CMakeFiles/25_Outpost.elf.dir/Core/Startup/startup_stm32f407ighx.s.obj
 .debug_abbrev  0x000010e9      0x206 CMakeFiles/25_Outpost.elf.dir/Drivers/STM32F4xx_HAL_Driver/Src/stm32f4xx_hal.c.obj
 .debug_abbrev  0x000012ef      0x262 CMakeFiles/25_Outpost.elf.dir/Drivers/STM32F4xx_HAL_Driver/Src/stm32f4xx_hal_can.c.obj
 .debug_abbrev  0x00001551      0x361 CMakeFiles/25_Outpost.elf.dir/Drivers/STM32F4xx_HAL_Driver/Src/stm32f4xx_hal_cortex.c.obj
 .debug_abbrev  0x000018b2      0x1ef CMakeFiles/25_Outpost.elf.dir/Drivers/STM32F4xx_HAL_Driver/Src/stm32f4xx_hal_gpio.c.obj
 .debug_abbrev  0x00001aa1      0x28a CMakeFiles/25_Outpost.elf.dir/Drivers/STM32F4xx_HAL_Driver/Src/stm32f4xx_hal_rcc.c.obj

.debug_loc      0x00000000     0x2e98
 .debug_loc     0x00000000      0x172 CMakeFiles/25_Outpost.elf.dir/Core/Src/CAN_receive.c.obj
 .debug_loc     0x00000172      0x385 CMakeFiles/25_Outpost.elf.dir/Core/Src/PID.c.obj
 .debug_loc     0x000004f7       0xcb CMakeFiles/25_Outpost.elf.dir/Core/Src/can.c.obj
 .debug_loc     0x000005c2      0x664 CMakeFiles/25_Outpost.elf.dir/Core/Src/filter.c.obj
 .debug_loc     0x00000c26      0x158 CMakeFiles/25_Outpost.elf.dir/Core/Src/system_stm32f4xx.c.obj
 .debug_loc     0x00000d7e      0x141 CMakeFiles/25_Outpost.elf.dir/Drivers/STM32F4xx_HAL_Driver/Src/stm32f4xx_hal.c.obj
 .debug_loc     0x00000ebf      0xde9 CMakeFiles/25_Outpost.elf.dir/Drivers/STM32F4xx_HAL_Driver/Src/stm32f4xx_hal_can.c.obj
 .debug_loc     0x00001ca8      0x744 CMakeFiles/25_Outpost.elf.dir/Drivers/STM32F4xx_HAL_Driver/Src/stm32f4xx_hal_cortex.c.obj
 .debug_loc     0x000023ec      0x520 CMakeFiles/25_Outpost.elf.dir/Drivers/STM32F4xx_HAL_Driver/Src/stm32f4xx_hal_gpio.c.obj
 .debug_loc     0x0000290c      0x58c CMakeFiles/25_Outpost.elf.dir/Drivers/STM32F4xx_HAL_Driver/Src/stm32f4xx_hal_rcc.c.obj

.debug_aranges  0x00000000      0x678
 .debug_aranges
                0x00000000       0x58 CMakeFiles/25_Outpost.elf.dir/Core/Src/CAN_receive.c.obj
 .debug_aranges
                0x00000058       0x50 CMakeFiles/25_Outpost.elf.dir/Core/Src/PID.c.obj
 .debug_aranges
                0x000000a8       0x20 CMakeFiles/25_Outpost.elf.dir/Core/Src/bsp_can.c.obj
 .debug_aranges
                0x000000c8       0x38 CMakeFiles/25_Outpost.elf.dir/Core/Src/can.c.obj
 .debug_aranges
                0x00000100       0x70 CMakeFiles/25_Outpost.elf.dir/Core/Src/filter.c.obj
 .debug_aranges
                0x00000170       0x20 CMakeFiles/25_Outpost.elf.dir/Core/Src/gpio.c.obj
 .debug_aranges
                0x00000190       0x38 CMakeFiles/25_Outpost.elf.dir/Core/Src/main.c.obj
 .debug_aranges
                0x000001c8       0x20 CMakeFiles/25_Outpost.elf.dir/Core/Src/stm32f4xx_hal_msp.c.obj
 .debug_aranges
                0x000001e8       0x78 CMakeFiles/25_Outpost.elf.dir/Core/Src/stm32f4xx_it.c.obj
 .debug_aranges
                0x00000260       0x28 CMakeFiles/25_Outpost.elf.dir/Core/Src/system_stm32f4xx.c.obj
 .debug_aranges
                0x00000288       0x28 CMakeFiles/25_Outpost.elf.dir/Core/Startup/startup_stm32f407ighx.s.obj
 .debug_aranges
                0x000002b0       0xf0 CMakeFiles/25_Outpost.elf.dir/Drivers/STM32F4xx_HAL_Driver/Src/stm32f4xx_hal.c.obj
 .debug_aranges
                0x000003a0      0x138 CMakeFiles/25_Outpost.elf.dir/Drivers/STM32F4xx_HAL_Driver/Src/stm32f4xx_hal_can.c.obj
 .debug_aranges
                0x000004d8       0xc0 CMakeFiles/25_Outpost.elf.dir/Drivers/STM32F4xx_HAL_Driver/Src/stm32f4xx_hal_cortex.c.obj
 .debug_aranges
                0x00000598       0x58 CMakeFiles/25_Outpost.elf.dir/Drivers/STM32F4xx_HAL_Driver/Src/stm32f4xx_hal_gpio.c.obj
 .debug_aranges
                0x000005f0       0x88 CMakeFiles/25_Outpost.elf.dir/Drivers/STM32F4xx_HAL_Driver/Src/stm32f4xx_hal_rcc.c.obj

.debug_ranges   0x00000000      0x628
 .debug_ranges  0x00000000       0x48 CMakeFiles/25_Outpost.elf.dir/Core/Src/CAN_receive.c.obj
 .debug_ranges  0x00000048       0x40 CMakeFiles/25_Outpost.elf.dir/Core/Src/PID.c.obj
 .debug_ranges  0x00000088       0x10 CMakeFiles/25_Outpost.elf.dir/Core/Src/bsp_can.c.obj
 .debug_ranges  0x00000098       0x28 CMakeFiles/25_Outpost.elf.dir/Core/Src/can.c.obj
 .debug_ranges  0x000000c0       0x60 CMakeFiles/25_Outpost.elf.dir/Core/Src/filter.c.obj
 .debug_ranges  0x00000120       0x10 CMakeFiles/25_Outpost.elf.dir/Core/Src/gpio.c.obj
 .debug_ranges  0x00000130       0x40 CMakeFiles/25_Outpost.elf.dir/Core/Src/main.c.obj
 .debug_ranges  0x00000170       0x10 CMakeFiles/25_Outpost.elf.dir/Core/Src/stm32f4xx_hal_msp.c.obj
 .debug_ranges  0x00000180       0x68 CMakeFiles/25_Outpost.elf.dir/Core/Src/stm32f4xx_it.c.obj
 .debug_ranges  0x000001e8       0x18 CMakeFiles/25_Outpost.elf.dir/Core/Src/system_stm32f4xx.c.obj
 .debug_ranges  0x00000200       0x20 CMakeFiles/25_Outpost.elf.dir/Core/Startup/startup_stm32f407ighx.s.obj
 .debug_ranges  0x00000220       0xe0 CMakeFiles/25_Outpost.elf.dir/Drivers/STM32F4xx_HAL_Driver/Src/stm32f4xx_hal.c.obj
 .debug_ranges  0x00000300      0x140 CMakeFiles/25_Outpost.elf.dir/Drivers/STM32F4xx_HAL_Driver/Src/stm32f4xx_hal_can.c.obj
 .debug_ranges  0x00000440      0x110 CMakeFiles/25_Outpost.elf.dir/Drivers/STM32F4xx_HAL_Driver/Src/stm32f4xx_hal_cortex.c.obj
 .debug_ranges  0x00000550       0x48 CMakeFiles/25_Outpost.elf.dir/Drivers/STM32F4xx_HAL_Driver/Src/stm32f4xx_hal_gpio.c.obj
 .debug_ranges  0x00000598       0x90 CMakeFiles/25_Outpost.elf.dir/Drivers/STM32F4xx_HAL_Driver/Src/stm32f4xx_hal_rcc.c.obj

.debug_line     0x00000000     0x5339
 .debug_line    0x00000000      0x3d9 CMakeFiles/25_Outpost.elf.dir/Core/Src/CAN_receive.c.obj
 .debug_line    0x000003d9      0x3ae CMakeFiles/25_Outpost.elf.dir/Core/Src/PID.c.obj
 .debug_line    0x00000787      0x1f7 CMakeFiles/25_Outpost.elf.dir/Core/Src/bsp_can.c.obj
 .debug_line    0x0000097e      0x4eb CMakeFiles/25_Outpost.elf.dir/Core/Src/can.c.obj
 .debug_line    0x00000e69      0x67c CMakeFiles/25_Outpost.elf.dir/Core/Src/filter.c.obj
 .debug_line    0x000014e5      0x200 CMakeFiles/25_Outpost.elf.dir/Core/Src/gpio.c.obj
 .debug_line    0x000016e5      0x483 CMakeFiles/25_Outpost.elf.dir/Core/Src/main.c.obj
 .debug_line    0x00001b68      0x159 CMakeFiles/25_Outpost.elf.dir/Core/Src/stm32f4xx_hal_msp.c.obj
 .debug_line    0x00001cc1      0x30b CMakeFiles/25_Outpost.elf.dir/Core/Src/stm32f4xx_it.c.obj
 .debug_line    0x00001fcc      0x221 CMakeFiles/25_Outpost.elf.dir/Core/Src/system_stm32f4xx.c.obj
 .debug_line    0x000021ed       0x96 CMakeFiles/25_Outpost.elf.dir/Core/Startup/startup_stm32f407ighx.s.obj
 .debug_line    0x00002283      0x585 CMakeFiles/25_Outpost.elf.dir/Drivers/STM32F4xx_HAL_Driver/Src/stm32f4xx_hal.c.obj
 .debug_line    0x00002808     0x111e CMakeFiles/25_Outpost.elf.dir/Drivers/STM32F4xx_HAL_Driver/Src/stm32f4xx_hal_can.c.obj
 .debug_line    0x00003926      0x7cc CMakeFiles/25_Outpost.elf.dir/Drivers/STM32F4xx_HAL_Driver/Src/stm32f4xx_hal_cortex.c.obj
 .debug_line    0x000040f2      0x6f0 CMakeFiles/25_Outpost.elf.dir/Drivers/STM32F4xx_HAL_Driver/Src/stm32f4xx_hal_gpio.c.obj
 .debug_line    0x000047e2      0xb57 CMakeFiles/25_Outpost.elf.dir/Drivers/STM32F4xx_HAL_Driver/Src/stm32f4xx_hal_rcc.c.obj

.debug_str      0x00000000     0x281c
 .debug_str     0x00000000      0x6f5 CMakeFiles/25_Outpost.elf.dir/Core/Src/CAN_receive.c.obj
                                0x771 (size before relaxing)
 .debug_str     0x000006f5      0x171 CMakeFiles/25_Outpost.elf.dir/Core/Src/PID.c.obj
                                0x30f (size before relaxing)
 .debug_str     0x00000866      0x126 CMakeFiles/25_Outpost.elf.dir/Core/Src/bsp_can.c.obj
                                0x556 (size before relaxing)
 .debug_str     0x0000098c      0x72c CMakeFiles/25_Outpost.elf.dir/Core/Src/can.c.obj
                                0xb7b (size before relaxing)
 .debug_str     0x000010b8      0x3b3 CMakeFiles/25_Outpost.elf.dir/Core/Src/filter.c.obj
                                0x5b6 (size before relaxing)
 .debug_str     0x0000146b       0x5c CMakeFiles/25_Outpost.elf.dir/Core/Src/gpio.c.obj
                                0x890 (size before relaxing)
 .debug_str     0x000014c7      0x254 CMakeFiles/25_Outpost.elf.dir/Core/Src/main.c.obj
                                0x98c (size before relaxing)
 .debug_str     0x0000171b       0x3a CMakeFiles/25_Outpost.elf.dir/Core/Src/stm32f4xx_hal_msp.c.obj
                                0x2c9 (size before relaxing)
 .debug_str     0x00001755      0x12a CMakeFiles/25_Outpost.elf.dir/Core/Src/stm32f4xx_it.c.obj
                                0x55c (size before relaxing)
 .debug_str     0x0000187f       0x95 CMakeFiles/25_Outpost.elf.dir/Core/Src/system_stm32f4xx.c.obj
                                0x32f (size before relaxing)
 .debug_str     0x00001914       0x44 CMakeFiles/25_Outpost.elf.dir/Core/Startup/startup_stm32f407ighx.s.obj
                                 0x67 (size before relaxing)
 .debug_str     0x00001958      0x356 CMakeFiles/25_Outpost.elf.dir/Drivers/STM32F4xx_HAL_Driver/Src/stm32f4xx_hal.c.obj
                                0xb68 (size before relaxing)
 .debug_str     0x00001cae      0x3dc CMakeFiles/25_Outpost.elf.dir/Drivers/STM32F4xx_HAL_Driver/Src/stm32f4xx_hal_can.c.obj
                                0xa43 (size before relaxing)
 .debug_str     0x0000208a      0x4e8 CMakeFiles/25_Outpost.elf.dir/Drivers/STM32F4xx_HAL_Driver/Src/stm32f4xx_hal_cortex.c.obj
                                0xc83 (size before relaxing)
 .debug_str     0x00002572       0xf8 CMakeFiles/25_Outpost.elf.dir/Drivers/STM32F4xx_HAL_Driver/Src/stm32f4xx_hal_gpio.c.obj
                                0x4ee (size before relaxing)
 .debug_str     0x0000266a      0x1b2 CMakeFiles/25_Outpost.elf.dir/Drivers/STM32F4xx_HAL_Driver/Src/stm32f4xx_hal_rcc.c.obj
                                0x714 (size before relaxing)

.comment        0x00000000       0x49
 .comment       0x00000000       0x49 CMakeFiles/25_Outpost.elf.dir/Core/Src/CAN_receive.c.obj
                                 0x4a (size before relaxing)
 .comment       0x00000049       0x4a CMakeFiles/25_Outpost.elf.dir/Core/Src/PID.c.obj
 .comment       0x00000049       0x4a CMakeFiles/25_Outpost.elf.dir/Core/Src/bsp_can.c.obj
 .comment       0x00000049       0x4a CMakeFiles/25_Outpost.elf.dir/Core/Src/can.c.obj
 .comment       0x00000049       0x4a CMakeFiles/25_Outpost.elf.dir/Core/Src/filter.c.obj
 .comment       0x00000049       0x4a CMakeFiles/25_Outpost.elf.dir/Core/Src/gpio.c.obj
 .comment       0x00000049       0x4a CMakeFiles/25_Outpost.elf.dir/Core/Src/main.c.obj
 .comment       0x00000049       0x4a CMakeFiles/25_Outpost.elf.dir/Core/Src/stm32f4xx_hal_msp.c.obj
 .comment       0x00000049       0x4a CMakeFiles/25_Outpost.elf.dir/Core/Src/stm32f4xx_it.c.obj
 .comment       0x00000049       0x4a CMakeFiles/25_Outpost.elf.dir/Core/Src/system_stm32f4xx.c.obj
 .comment       0x00000049       0x4a CMakeFiles/25_Outpost.elf.dir/Drivers/STM32F4xx_HAL_Driver/Src/stm32f4xx_hal.c.obj
 .comment       0x00000049       0x4a CMakeFiles/25_Outpost.elf.dir/Drivers/STM32F4xx_HAL_Driver/Src/stm32f4xx_hal_can.c.obj
 .comment       0x00000049       0x4a CMakeFiles/25_Outpost.elf.dir/Drivers/STM32F4xx_HAL_Driver/Src/stm32f4xx_hal_cortex.c.obj
 .comment       0x00000049       0x4a CMakeFiles/25_Outpost.elf.dir/Drivers/STM32F4xx_HAL_Driver/Src/stm32f4xx_hal_gpio.c.obj
 .comment       0x00000049       0x4a CMakeFiles/25_Outpost.elf.dir/Drivers/STM32F4xx_HAL_Driver/Src/stm32f4xx_hal_rcc.c.obj

.debug_frame    0x00000000     0x11a0
 .debug_frame   0x00000000       0xc8 CMakeFiles/25_Outpost.elf.dir/Core/Src/CAN_receive.c.obj
 .debug_frame   0x000000c8       0xc4 CMakeFiles/25_Outpost.elf.dir/Core/Src/PID.c.obj
 .debug_frame   0x0000018c       0x30 CMakeFiles/25_Outpost.elf.dir/Core/Src/bsp_can.c.obj
 .debug_frame   0x000001bc       0x78 CMakeFiles/25_Outpost.elf.dir/Core/Src/can.c.obj
 .debug_frame   0x00000234      0x150 CMakeFiles/25_Outpost.elf.dir/Core/Src/filter.c.obj
 .debug_frame   0x00000384       0x34 CMakeFiles/25_Outpost.elf.dir/Core/Src/gpio.c.obj
 .debug_frame   0x000003b8       0x68 CMakeFiles/25_Outpost.elf.dir/Core/Src/main.c.obj
 .debug_frame   0x00000420       0x28 CMakeFiles/25_Outpost.elf.dir/Core/Src/stm32f4xx_hal_msp.c.obj
 .debug_frame   0x00000448       0xf0 CMakeFiles/25_Outpost.elf.dir/Core/Src/stm32f4xx_it.c.obj
 .debug_frame   0x00000538       0x30 CMakeFiles/25_Outpost.elf.dir/Core/Src/system_stm32f4xx.c.obj
 .debug_frame   0x00000568      0x1ec CMakeFiles/25_Outpost.elf.dir/Drivers/STM32F4xx_HAL_Driver/Src/stm32f4xx_hal.c.obj
 .debug_frame   0x00000754      0x2d4 CMakeFiles/25_Outpost.elf.dir/Drivers/STM32F4xx_HAL_Driver/Src/stm32f4xx_hal_can.c.obj
 .debug_frame   0x00000a28      0x178 CMakeFiles/25_Outpost.elf.dir/Drivers/STM32F4xx_HAL_Driver/Src/stm32f4xx_hal_cortex.c.obj
 .debug_frame   0x00000ba0       0xd8 CMakeFiles/25_Outpost.elf.dir/Drivers/STM32F4xx_HAL_Driver/Src/stm32f4xx_hal_gpio.c.obj
 .debug_frame   0x00000c78      0x16c CMakeFiles/25_Outpost.elf.dir/Drivers/STM32F4xx_HAL_Driver/Src/stm32f4xx_hal_rcc.c.obj
 .debug_frame   0x00000de4       0x4c c:/progra~2/gnuarm~1/102021~1.10/bin/../lib/gcc/arm-none-eabi/10.3.1/thumb/v7e-m/nofp\libgcc.a(_arm_addsubsf3.o)
 .debug_frame   0x00000e30       0x38 c:/progra~2/gnuarm~1/102021~1.10/bin/../lib/gcc/arm-none-eabi/10.3.1/thumb/v7e-m/nofp\libgcc.a(_arm_muldivsf3.o)
 .debug_frame   0x00000e68       0xc8 c:/progra~2/gnuarm~1/102021~1.10/bin/../lib/gcc/arm-none-eabi/10.3.1/thumb/v7e-m/nofp\libgcc.a(_arm_cmpsf2.o)
 .debug_frame   0x00000f30       0x24 c:/progra~2/gnuarm~1/102021~1.10/bin/../lib/gcc/arm-none-eabi/10.3.1/thumb/v7e-m/nofp\libgcc.a(_arm_fixsfsi.o)
 .debug_frame   0x00000f54       0x2c c:/progra~2/gnuarm~1/102021~1.10/bin/../lib/gcc/arm-none-eabi/10.3.1/thumb/v7e-m/nofp\libgcc.a(_aeabi_uldivmod.o)
 .debug_frame   0x00000f80       0x34 c:/progra~2/gnuarm~1/102021~1.10/bin/../lib/gcc/arm-none-eabi/10.3.1/thumb/v7e-m/nofp\libgcc.a(_udivmoddi4.o)
 .debug_frame   0x00000fb4       0x2c c:/progra~2/gnuarm~1/102021~1.10/bin/../lib/gcc/arm-none-eabi/10.3.1/../../../../arm-none-eabi/lib/thumb/v7e-m/nofp\libg.a(lib_a-init.o)
 .debug_frame   0x00000fe0       0x2c c:/progra~2/gnuarm~1/102021~1.10/bin/../lib/gcc/arm-none-eabi/10.3.1/../../../../arm-none-eabi/lib/thumb/v7e-m/nofp\libg.a(lib_a-memset.o)
 .debug_frame   0x0000100c       0x5c c:/progra~2/gnuarm~1/102021~1.10/bin/../lib/gcc/arm-none-eabi/10.3.1/../../../../arm-none-eabi/lib/thumb/v7e-m/nofp\libg.a(lib_a-__call_atexit.o)
 .debug_frame   0x00001068       0x20 c:/progra~2/gnuarm~1/102021~1.10/bin/../lib/gcc/arm-none-eabi/10.3.1/../../../../arm-none-eabi/lib/thumb/v7e-m/nofp\libg.a(lib_a-atexit.o)
 .debug_frame   0x00001088       0x34 c:/progra~2/gnuarm~1/102021~1.10/bin/../lib/gcc/arm-none-eabi/10.3.1/../../../../arm-none-eabi/lib/thumb/v7e-m/nofp\libg.a(lib_a-fini.o)
 .debug_frame   0x000010bc       0xb0 c:/progra~2/gnuarm~1/102021~1.10/bin/../lib/gcc/arm-none-eabi/10.3.1/../../../../arm-none-eabi/lib/thumb/v7e-m/nofp\libg.a(lib_a-lock.o)
 .debug_frame   0x0000116c       0x34 c:/progra~2/gnuarm~1/102021~1.10/bin/../lib/gcc/arm-none-eabi/10.3.1/../../../../arm-none-eabi/lib/thumb/v7e-m/nofp\libg.a(lib_a-__atexit.o)
